
Running 1 test using 1 worker

→ REQUEST: GET http://localhost:5173/src/components/students/students-management.tsx
← RESPONSE: 200 http://localhost:5173/src/components/students/students-management.tsx
→ REQUEST: GET http://localhost:5173/src/components/students/comprehensive-students-management.tsx
← RESPONSE: 200 http://localhost:5173/src/components/students/comprehensive-students-management.tsx
→ REQUEST: GET http://localhost:5173/src/lib/supabase.ts
← RESPONSE: 200 http://localhost:5173/src/lib/supabase.ts
→ REQUEST: GET http://localhost:5173/@fs/Users/maxpetrusenko/Desktop/Projects/FitTrak-Pro/node_modules/.vite/deps/@supabase_supabase-js.js?v=147109da
← RESPONSE: 200 http://localhost:5173/@fs/Users/maxpetrusenko/Desktop/Projects/FitTrak-Pro/node_modules/.vite/deps/@supabase_supabase-js.js?v=147109da
→ REQUEST: GET https://pszwyewebfscuosquorc.supabase.co/rest/v1/students?select=*&order=created_at.desc
← RESPONSE: 200 https://pszwyewebfscuosquorc.supabase.co/rest/v1/students?select=*&order=created_at.desc
→ REQUEST: POST https://pszwyewebfscuosquorc.supabase.co/rest/v1/students?select=*
← RESPONSE: 201 https://pszwyewebfscuosquorc.supabase.co/rest/v1/students?select=*
→ REQUEST: GET https://pszwyewebfscuosquorc.supabase.co/rest/v1/students?select=*&order=created_at.desc
← RESPONSE: 200 https://pszwyewebfscuosquorc.supabase.co/rest/v1/students?select=*&order=created_at.desc

=== CAPTURED REQUESTS ===

Request 1:
  Method: POST
  URL: https://pszwyewebfscuosquorc.supabase.co/rest/v1/students?select=*
  POST Data: {"first_name":"TestUser","last_name":"AutoTest","phone":"1369016946","email":"test1759369016946@test.com","trainer_id":1,"birth_date":"2000-01-01","join_date":"2025-10-02","status":"active"}

Request 2:
  Method: GET
  URL: https://pszwyewebfscuosquorc.supabase.co/rest/v1/students?select=*&order=created_at.desc

=== CAPTURED RESPONSES ===

Response 1:
  Status: [33m201[39m
  URL: https://pszwyewebfscuosquorc.supabase.co/rest/v1/students?select=*
  Body: {"id":7,"trainer_id":1,"first_name":"TestUser","last_name":"AutoTest","middle_name":null,"phone":"1369016946","email":"test1759369016946@test.com","birth_date":"2000-01-01","weight":null,"height":null,"goal":null,"medical_notes":null,"photo":null,"status":"active","join_date":"2025-10-02","parent_first_name":null,"parent_last_name":null,"parent_middle_name":null,"parent_phone":null,"parent_email":null,"parent_special_instructions":null,"application_submitted":false,"application_date":null,"rules_accepted":false,"rules_accepted_date":null,"parental_consent":false,"parental_consent_date":null,"created_at":"2025-10-02T01:36:57.214815","updated_at":"2025-10-02T01:36:57.214815"}

Response 2:
  Status: [33m200[39m
  URL: https://pszwyewebfscuosquorc.supabase.co/rest/v1/students?select=*&order=created_at.desc
  Body: [{"id":7,"trainer_id":1,"first_name":"TestUser","last_name":"AutoTest","middle_name":null,"phone":"1369016946","email":"test1759369016946@test.com","birth_date":"2000-01-01","weight":null,"height":null,"goal":null,"medical_notes":null,"photo":null,"status":"active","join_date":"2025-10-02","parent_first_name":null,"parent_last_name":null,"parent_middle_name":null,"parent_phone":null,"parent_email":null,"parent_special_instructions":null,"application_submitted":false,"application_date":null,"rules_accepted":false,"rules_accepted_date":null,"parental_consent":false,"parental_consent_date":null,"created_at":"2025-10-02T01:36:57.214815","updated_at":"2025-10-02T01:36:57.214815"}, 
 {"id":6,"trainer_id":1,"first_name":"Maksym","last_name":"Petrusenko","middle_name":null,"phone":"17865436688","email":"max.petrusenko@gmail.com","birth_date":"2000-01-01","weight":null,"height":null,"goal":null,"medical_notes":null,"photo":null,"status":"active","join_date":"2025-10-02","parent_first_name":null,"parent_last_name":null,"parent_middle_name":null,"parent_phone":null,"parent_email":null,"parent_special_instructions":null,"application_submitted":false,"application_date":null,"rules_accepted":false,"rules_accepted_date":null,"parental_consent":false,"parental_consent_date":null,"created_at":"2025-10-02T01:35:10.288385","updated_at":"2025-10-02T01:35:10.288385"}, 
 {"id":5,"trainer_id":1,"first_name":"Maksym","last_name":"Petrusenko","middle_name":null,"phone":"17865436688","email":"max.petrusenko@gmail.com","birth_date":"2000-01-01","weight":null,"height":null,"goal":null,"medical_notes":null,"photo":null,"status":"active","join_date":"2025-10-02","parent_first_name":null,"parent_last_name":null,"parent_middle_name":null,"parent_phone":null,"parent_email":null,"parent_special_instructions":null,"application_submitted":false,"application_date":null,"rules_accepted":false,"rules_accepted_date":null,"parental_consent":false,"parental_consent_date":null,"created_at":"2025-10-02T01:34:25.37629","updated_at":"2025-10-02T01:34:25.37629"}, 
 {"id":1,"trainer_id":1,"first_name":"Test","last_name":"Student","middle_name":null,"phone":"+7 999 123-45-67","email":"test@example.com","birth_date":"2000-01-01","weight":null,"height":null,"goal":null,"medical_notes":null,"photo":null,"status":"active","join_date":"2025-10-02","parent_first_name":null,"parent_last_name":null,"parent_middle_name":null,"parent_phone":null,"parent_email":null,"parent_special_instructions":null,"application_submitted":false,"application_date":null,"rules_accepted":false,"rules_accepted_date":null,"parental_consent":false,"parental_consent_date":null,"created_at":"2025-10-02T00:53:03.587611","updated_at":"2025-10-02T00:53:03.587611"}]
========================


=== FINAL TEST RESULTS ===
✓ POST request detected
  URL: https://pszwyewebfscuosquorc.supabase.co/rest/v1/students?select=*
  Data: {"first_name":"TestUser","last_name":"AutoTest","phone":"1369016946","email":"test1759369016946@test.com","trainer_id":1,"birth_date":"2000-01-01","join_date":"2025-10-02","status":"active"}
✓ POST response received
  Status: [33m201[39m
  Body: {"id":7,"trainer_id":1,"first_name":"TestUser","last_name":"AutoTest","middle_name":null,"phone":"1369016946","email":"test1759369016946@test.com","birth_date":"2000-01-01","weight":null,"height":null,"goal":null,"medical_notes":null,"photo":null,"status":"active","join_date":"2025-10-02","parent_first_name":null,"parent_last_name":null,"parent_middle_name":null,"parent_phone":null,"parent_email":null,"parent_special_instructions":null,"application_submitted":false,"application_date":null,"rules_accepted":false,"rules_accepted_date":null,"parental_consent":false,"parental_consent_date":null,"created_at":"2025-10-02T01:36:57.214815","updated_at":"2025-10-02T01:36:57.214815"}
✓ SUCCESS: Status code 201 (OK)
========================

  ✓  1 test-student-creation-supabase.spec.ts:4:3 › Student Creation Test - Supabase Monitoring › should create a student via Supabase (9.6s)

  1 passed (11.3s)
